09-03-2026 20:03:36 RAM 3898/7620MB (lfb 47x4MB) SWAP 608/3810MB (cached 0MB) CPU [29%@1036,22%@1036,46%@1036,33%@1036,2%@729,25%@729] GR3D_FREQ 15% cpu@50.031C soc2@49.062C soc0@49.937C gpu@50.25C tj@50.25C soc1@49.718C VDD_IN 4253mW/4253mW VDD_CPU_GPU_CV 961mW/961mW VDD_SOC 1161mW/1161mW
09-03-2026 20:03:37 RAM 3898/7620MB (lfb 47x4MB) SWAP 608/3810MB (cached 0MB) CPU [20%@729,14%@729,24%@729,51%@729,16%@729,26%@729] GR3D_FREQ 0% cpu@49.968C soc2@49.093C soc0@49.937C gpu@50.406C tj@50.406C soc1@49.625C VDD_IN 4253mW/4253mW VDD_CPU_GPU_CV 921mW/941mW VDD_SOC 1161mW/1161mW
09-03-2026 20:03:37 RAM 3898/7620MB (lfb 47x4MB) SWAP 608/3810MB (cached 0MB) CPU [30%@729,17%@729,18%@729,53%@729,20%@729,26%@729] GR3D_FREQ 0% cpu@50.156C soc2@49.031C soc0@49.906C gpu@50.375C tj@50.375C soc1@49.593C VDD_IN 4253mW/4253mW VDD_CPU_GPU_CV 961mW/948mW VDD_SOC 1161mW/1161mW
09-03-2026 20:03:38 RAM 3898/7620MB (lfb 47x4MB) SWAP 608/3810MB (cached 0MB) CPU [40%@729,18%@729,19%@729,40%@729,7%@729,26%@729] GR3D_FREQ 2% cpu@49.906C soc2@49.281C soc0@49.875C gpu@50.375C tj@50.375C soc1@49.593C VDD_IN 4213mW/4243mW VDD_CPU_GPU_CV 921mW/941mW VDD_SOC 1163mW/1162mW
09-03-2026 20:03:38 RAM 3898/7620MB (lfb 47x4MB) SWAP 608/3810MB (cached 0MB) CPU [38%@806,40%@806,14%@806,19%@806,12%@729,32%@729] GR3D_FREQ 15% cpu@50.031C soc2@49.187C soc0@49.875C gpu@50.531C tj@50.531C soc1@49.5C VDD_IN 4253mW/4245mW VDD_CPU_GPU_CV 961mW/945mW VDD_SOC 1163mW/1162mW
09-03-2026 20:03:39 RAM 3898/7620MB (lfb 47x4MB) SWAP 608/3810MB (cached 0MB) CPU [26%@729,18%@729,16%@729,34%@729,15%@729,40%@729] GR3D_FREQ 15% cpu@50.312C soc2@49.156C soc0@49.843C gpu@50.312C tj@50.312C soc1@49.468C VDD_IN 4253mW/4246mW VDD_CPU_GPU_CV 921mW/941mW VDD_SOC 1161mW/1162mW
09-03-2026 20:03:39 RAM 3898/7620MB (lfb 47x4MB) SWAP 608/3810MB (cached 0MB) CPU [26%@729,14%@729,44%@729,21%@729,23%@806,27%@806] GR3D_FREQ 0% cpu@50.125C soc2@49.125C soc0@50C gpu@50.531C tj@50.531C soc1@49.531C VDD_IN 4253mW/4247mW VDD_CPU_GPU_CV 961mW/944mW VDD_SOC 1163mW/1162mW
09-03-2026 20:03:40 RAM 3898/7620MB (lfb 47x4MB) SWAP 608/3810MB (cached 0MB) CPU [34%@883,30%@883,16%@883,21%@883,33%@729,26%@729] GR3D_FREQ 0% cpu@50.125C soc2@49.156C soc0@50C gpu@50.718C tj@50.718C soc1@49.437C VDD_IN 4213mW/4243mW VDD_CPU_GPU_CV 961mW/946mW VDD_SOC 1163mW/1162mW
09-03-2026 20:03:40 RAM 3898/7620MB (lfb 47x4MB) SWAP 608/3810MB (cached 0MB) CPU [20%@729,14%@729,65%@729,29%@729,11%@729,11%@729] GR3D_FREQ 12% cpu@50.281C soc2@49.187C soc0@50C gpu@50.281C tj@50.281C soc1@49.437C VDD_IN 4213mW/4240mW VDD_CPU_GPU_CV 961mW/948mW VDD_SOC 1163mW/1162mW
09-03-2026 20:03:41 RAM 3898/7620MB (lfb 47x4MB) SWAP 608/3810MB (cached 0MB) CPU [27%@883,14%@883,66%@883,26%@883,11%@729,9%@729] GR3D_FREQ 15% cpu@50.156C soc2@49.125C soc0@49.968C gpu@50.718C tj@50.718C soc1@49.718C VDD_IN 4293mW/4245mW VDD_CPU_GPU_CV 961mW/949mW VDD_SOC 1161mW/1162mW
09-03-2026 20:03:41 RAM 3898/7620MB (lfb 47x4MB) SWAP 608/3810MB (cached 0MB) CPU [29%@729,12%@729,10%@729,28%@729,18%@729,52%@729] GR3D_FREQ 15% cpu@50.093C soc2@49.125C soc0@49.968C gpu@50.312C tj@50.312C soc1@49.687C VDD_IN 4253mW/4246mW VDD_CPU_GPU_CV 961mW/950mW VDD_SOC 1161mW/1162mW
09-03-2026 20:03:42 RAM 3898/7620MB (lfb 47x4MB) SWAP 608/3810MB (cached 0MB) CPU [37%@729,15%@729,13%@729,22%@729,41%@729,41%@729] GR3D_FREQ 0% cpu@49.968C soc2@49.031C soc0@49.843C gpu@50.343C tj@50.343C soc1@49.656C VDD_IN 4213mW/4243mW VDD_CPU_GPU_CV 961mW/951mW VDD_SOC 1161mW/1162mW
09-03-2026 20:03:42 RAM 3899/7620MB (lfb 47x4MB) SWAP 608/3810MB (cached 0MB) CPU [34%@729,12%@729,12%@729,14%@729,15%@729,67%@729] GR3D_FREQ 0% cpu@49.968C soc2@49.031C soc0@49.937C gpu@50.25C tj@50.25C soc1@49.531C VDD_IN 4253mW/4244mW VDD_CPU_GPU_CV 961mW/952mW VDD_SOC 1161mW/1162mW
09-03-2026 20:03:43 RAM 3899/7620MB (lfb 47x4MB) SWAP 608/3810MB (cached 0MB) CPU [39%@806,29%@806,23%@806,36%@806,6%@729,33%@729] GR3D_FREQ 15% cpu@50.375C soc2@49.218C soc0@49.906C gpu@50.312C tj@50.312C soc1@49.625C VDD_IN 4253mW/4244mW VDD_CPU_GPU_CV 961mW/952mW VDD_SOC 1163mW/1162mW
09-03-2026 20:03:43 RAM 3899/7620MB (lfb 47x4MB) SWAP 608/3810MB (cached 0MB) CPU [25%@1036,18%@1036,44%@1036,45%@1036,11%@729,16%@729] GR3D_FREQ 16% cpu@50.218C soc2@49.218C soc0@49.875C gpu@50.406C tj@50.406C soc1@49.5C VDD_IN 4293mW/4248mW VDD_CPU_GPU_CV 961mW/953mW VDD_SOC 1161mW/1162mW
09-03-2026 20:03:44 RAM 3899/7620MB (lfb 47x4MB) SWAP 608/3810MB (cached 0MB) CPU [36%@729,18%@729,10%@729,38%@729,35%@729,13%@729] GR3D_FREQ 13% cpu@50.25C soc2@49.125C soc0@50C gpu@50.312C tj@50.312C soc1@49.531C VDD_IN 4253mW/4248mW VDD_CPU_GPU_CV 961mW/953mW VDD_SOC 1161mW/1162mW
09-03-2026 20:03:44 RAM 3899/7620MB (lfb 47x4MB) SWAP 608/3810MB (cached 0MB) CPU [29%@960,31%@960,25%@960,24%@960,46%@729,5%@729] GR3D_FREQ 0% cpu@50.312C soc2@49.25C soc0@50C gpu@50.375C tj@50.375C soc1@49.5C VDD_IN 4253mW/4248mW VDD_CPU_GPU_CV 961mW/954mW VDD_SOC 1161mW/1162mW
09-03-2026 20:03:45 RAM 3899/7620MB (lfb 47x4MB) SWAP 608/3810MB (cached 0MB) CPU [18%@729,22%@729,38%@729,17%@729,22%@806,35%@806] GR3D_FREQ 0% cpu@50.343C soc2@49.187C soc0@50C gpu@50.5C tj@50.5C soc1@49.468C VDD_IN 4253mW/4249mW VDD_CPU_GPU_CV 961mW/954mW VDD_SOC 1163mW/1162mW
09-03-2026 20:03:45 RAM 3899/7620MB (lfb 47x4MB) SWAP 608/3810MB (cached 0MB) CPU [21%@883,28%@883,28%@883,43%@883,6%@729,45%@729] GR3D_FREQ 15% cpu@50.125C soc2@49.156C soc0@49.968C gpu@50.406C tj@50.406C soc1@49.468C VDD_IN 4253mW/4249mW VDD_CPU_GPU_CV 961mW/955mW VDD_SOC 1161mW/1162mW
09-03-2026 20:03:46 RAM 3899/7620MB (lfb 47x4MB) SWAP 608/3810MB (cached 0MB) CPU [40%@1036,28%@1036,28%@1036,42%@1036,15%@729,25%@729] GR3D_FREQ 15% cpu@50.25C soc2@49.156C soc0@49.968C gpu@50.468C tj@50.468C soc1@49.406C VDD_IN 4454mW/4259mW VDD_CPU_GPU_CV 1081mW/961mW VDD_SOC 1201mW/1164mW
09-03-2026 20:03:46 RAM 3899/7620MB (lfb 47x4MB) SWAP 608/3810MB (cached 0MB) CPU [35%@729,16%@729,29%@729,43%@729,5%@1036,17%@1036] GR3D_FREQ 4% cpu@49.968C soc2@49.125C soc0@49.937C gpu@50.25C tj@50.25C soc1@49.656C VDD_IN 4333mW/4263mW VDD_CPU_GPU_CV 1001mW/963mW VDD_SOC 1161mW/1164mW
09-03-2026 20:03:47 RAM 3899/7620MB (lfb 47x4MB) SWAP 608/3810MB (cached 0MB) CPU [20%@729,37%@729,10%@729,4%@729,6%@960,72%@960] GR3D_FREQ 0% cpu@49.968C soc2@49.125C soc0@49.843C gpu@50.25C tj@50.25C soc1@49.625C VDD_IN 4253mW/4262mW VDD_CPU_GPU_CV 1001mW/965mW VDD_SOC 1161mW/1163mW
09-03-2026 20:03:47 RAM 3899/7620MB (lfb 47x4MB) SWAP 608/3810MB (cached 0MB) CPU [25%@729,34%@729,20%@729,16%@729,2%@806,74%@806] GR3D_FREQ 2% cpu@49.968C soc2@49C soc0@49.937C gpu@50.781C tj@50.781C soc1@49.531C VDD_IN 4253mW/4262mW VDD_CPU_GPU_CV 961mW/964mW VDD_SOC 1163mW/1163mW
09-03-2026 20:03:48 RAM 3899/7620MB (lfb 47x4MB) SWAP 608/3810MB (cached 0MB) CPU [40%@729,19%@729,19%@729,10%@729,18%@960,65%@960] GR3D_FREQ 15% cpu@50.156C soc2@49.218C soc0@49.875C gpu@50.281C tj@50.281C soc1@49.468C VDD_IN 4253mW/4261mW VDD_CPU_GPU_CV 1001mW/966mW VDD_SOC 1161mW/1163mW
09-03-2026 20:03:48 RAM 3899/7620MB (lfb 47x4MB) SWAP 608/3810MB (cached 0MB) CPU [42%@729,17%@729,12%@729,10%@729,26%@883,52%@883] GR3D_FREQ 15% cpu@50.156C soc2@49.125C soc0@49.843C gpu@50.656C tj@50.656C soc1@49.437C VDD_IN 4293mW/4263mW VDD_CPU_GPU_CV 1001mW/967mW VDD_SOC 1161mW/1163mW
09-03-2026 20:03:49 RAM 3899/7620MB (lfb 47x4MB) SWAP 608/3810MB (cached 0MB) CPU [36%@1113,16%@1113,14%@1113,8%@1113,24%@729,54%@729] GR3D_FREQ 0% cpu@50.25C soc2@49.187C soc0@49.906C gpu@50.437C tj@50.437C soc1@49.5C VDD_IN 4293mW/4264mW VDD_CPU_GPU_CV 1001mW/969mW VDD_SOC 1161mW/1163mW
09-03-2026 20:03:49 RAM 3899/7620MB (lfb 47x4MB) SWAP 608/3810MB (cached 0MB) CPU [36%@883,32%@883,18%@883,18%@883,20%@729,31%@729] GR3D_FREQ 0% cpu@50C soc2@49.187C soc0@50.062C gpu@50.625C tj@50.625C soc1@49.5C VDD_IN 4253mW/4263mW VDD_CPU_GPU_CV 1001mW/970mW VDD_SOC 1163mW/1163mW
09-03-2026 20:03:50 RAM 3899/7620MB (lfb 47x4MB) SWAP 608/3810MB (cached 0MB) CPU [24%@960,26%@960,33%@960,17%@960,4%@883,54%@883] GR3D_FREQ 13% cpu@50.156C soc2@49.156C soc0@50.062C gpu@50.375C tj@50.375C soc1@49.562C VDD_IN 4253mW/4263mW VDD_CPU_GPU_CV 1001mW/971mW VDD_SOC 1161mW/1163mW
09-03-2026 20:03:50 RAM 3899/7620MB (lfb 47x4MB) SWAP 608/3810MB (cached 0MB) CPU [18%@729,30%@729,22%@729,19%@729,4%@883,74%@883] GR3D_FREQ 15% cpu@50.375C soc2@49.156C soc0@50C gpu@50.593C tj@50.593C soc1@49.5C VDD_IN 4253mW/4263mW VDD_CPU_GPU_CV 1001mW/972mW VDD_SOC 1161mW/1163mW
09-03-2026 20:03:51 RAM 3899/7620MB (lfb 47x4MB) SWAP 608/3810MB (cached 0MB) CPU [42%@1036,45%@1036,22%@1036,20%@1036,6%@729,14%@729] GR3D_FREQ 15% cpu@50C soc2@49.125C soc0@50C gpu@50.437C tj@50.437C soc1@49.437C VDD_IN 4293mW/4264mW VDD_CPU_GPU_CV 1001mW/973mW VDD_SOC 1161mW/1163mW
09-03-2026 20:03:51 RAM 3899/7620MB (lfb 47x4MB) SWAP 608/3810MB (cached 0MB) CPU [28%@1036,20%@1036,51%@1036,13%@1036,23%@729,15%@729] GR3D_FREQ 0% cpu@50.218C soc2@49.156C soc0@49.906C gpu@50.593C tj@50.593C soc1@49.718C VDD_IN 4293mW/4265mW VDD_CPU_GPU_CV 1001mW/974mW VDD_SOC 1161mW/1163mW
09-03-2026 20:03:52 RAM 3899/7620MB (lfb 47x4MB) SWAP 608/3810MB (cached 0MB) CPU [46%@729,23%@729,16%@729,23%@729,23%@1190,26%@1190] GR3D_FREQ 0% cpu@50C soc2@49.156C soc0@50C gpu@50.218C tj@50.218C soc1@49.718C VDD_IN 4333mW/4267mW VDD_CPU_GPU_CV 1041mW/976mW VDD_SOC 1161mW/1163mW
09-03-2026 20:03:52 RAM 3900/7620MB (lfb 47x4MB) SWAP 608/3810MB (cached 0MB) CPU [20%@1036,22%@1036,56%@1036,19%@1036,13%@729,26%@729] GR3D_FREQ 15% cpu@50.031C soc2@49.093C soc0@49.906C gpu@50.281C tj@50.281C soc1@49.625C VDD_IN 4293mW/4268mW VDD_CPU_GPU_CV 1041mW/978mW VDD_SOC 1161mW/1163mW
09-03-2026 20:03:53 RAM 3900/7620MB (lfb 47x4MB) SWAP 608/3810MB (cached 0MB) CPU [20%@729,46%@729,20%@729,31%@729,20%@1036,20%@1036] GR3D_FREQ 15% cpu@49.937C soc2@49.093C soc0@49.875C gpu@50.25C tj@50.25C soc1@49.625C VDD_IN 4333mW/4269mW VDD_CPU_GPU_CV 1041mW/980mW VDD_SOC 1161mW/1163mW
09-03-2026 20:03:53 RAM 3900/7620MB (lfb 47x4MB) SWAP 608/3810MB (cached 0MB) CPU [32%@729,18%@729,18%@729,6%@729,14%@1036,66%@1036] GR3D_FREQ 15% cpu@49.968C soc2@49.093C soc0@49.968C gpu@50.25C tj@50.25C soc1@49.593C VDD_IN 4373mW/4272mW VDD_CPU_GPU_CV 1001mW/980mW VDD_SOC 1161mW/1163mW
09-03-2026 20:03:54 RAM 3900/7620MB (lfb 47x4MB) SWAP 608/3810MB (cached 0MB) CPU [20%@729,28%@729,14%@729,16%@729,34%@1190,42%@1190] GR3D_FREQ 0% cpu@50.218C soc2@49.156C soc0@49.906C gpu@50.406C tj@50.406C soc1@49.5C VDD_IN 4333mW/4274mW VDD_CPU_GPU_CV 1041mW/982mW VDD_SOC 1201mW/1164mW
09-03-2026 20:03:54 RAM 3900/7620MB (lfb 47x4MB) SWAP 608/3810MB (cached 0MB) CPU [20%@960,59%@960,17%@960,18%@960,29%@729,4%@729] GR3D_FREQ 0% cpu@50.187C soc2@49.187C soc0@50.093C gpu@50.25C tj@50.25C soc1@49.5C VDD_IN 4293mW/4275mW VDD_CPU_GPU_CV 1001mW/983mW VDD_SOC 1161mW/1164mW
09-03-2026 20:03:55 RAM 3900/7620MB (lfb 47x4MB) SWAP 608/3810MB (cached 0MB) CPU [31%@1113,32%@1113,32%@1113,19%@1113,4%@729,36%@729] GR3D_FREQ 15% cpu@50.187C soc2@49.156C soc0@50.093C gpu@50.25C tj@50.25C soc1@49.468C VDD_IN 4293mW/4275mW VDD_CPU_GPU_CV 1001mW/983mW VDD_SOC 1161mW/1164mW
09-03-2026 20:03:56 RAM 3900/7620MB (lfb 47x4MB) SWAP 608/3810MB (cached 0MB) CPU [40%@729,21%@729,18%@729,17%@729,14%@960,28%@960] GR3D_FREQ 15% cpu@50.218C soc2@49.187C soc0@50.031C gpu@50.437C tj@50.437C soc1@49.468C VDD_IN 4373mW/4278mW VDD_CPU_GPU_CV 1041mW/985mW VDD_SOC 1201mW/1165mW
09-03-2026 20:03:56 RAM 3900/7620MB (lfb 47x4MB) SWAP 608/3810MB (cached 0MB) CPU [24%@729,14%@729,14%@729,29%@729,5%@1344,69%@1344] GR3D_FREQ 2% cpu@50.312C soc2@49.093C soc0@50C gpu@50.312C tj@50.312C soc1@49.5C VDD_IN 4454mW/4282mW VDD_CPU_GPU_CV 1041mW/986mW VDD_SOC 1201mW/1165mW
09-03-2026 20:03:57 RAM 3900/7620MB (lfb 47x4MB) SWAP 608/3810MB (cached 0MB) CPU [25%@960,14%@960,33%@960,25%@960,12%@729,50%@729] GR3D_FREQ 0% cpu@50.062C soc2@49.125C soc0@50C gpu@50.5C tj@50.5C soc1@49.75C VDD_IN 4333mW/4283mW VDD_CPU_GPU_CV 1041mW/987mW VDD_SOC 1161mW/1165mW
09-03-2026 20:03:57 RAM 3900/7620MB (lfb 47x4MB) SWAP 608/3810MB (cached 0MB) CPU [20%@729,24%@729,22%@729,8%@729,14%@883,65%@883] GR3D_FREQ 0% cpu@50.062C soc2@49.093C soc0@49.906C gpu@50.687C tj@50.687C soc1@49.718C VDD_IN 4333mW/4284mW VDD_CPU_GPU_CV 1041mW/989mW VDD_SOC 1161mW/1165mW
09-03-2026 20:03:58 RAM 3900/7620MB (lfb 47x4MB) SWAP 608/3810MB (cached 0MB) CPU [25%@729,16%@729,21%@729,24%@729,6%@1036,74%@1036] GR3D_FREQ 15% cpu@49.968C soc2@49.125C soc0@50C gpu@50.468C tj@50.468C soc1@49.593C VDD_IN 4293mW/4285mW VDD_CPU_GPU_CV 1041mW/990mW VDD_SOC 1161mW/1165mW
09-03-2026 20:03:58 RAM 3900/7620MB (lfb 47x4MB) SWAP 608/3810MB (cached 0MB) CPU [34%@729,20%@729,24%@729,10%@729,23%@1113,42%@1113] GR3D_FREQ 14% cpu@50.031C soc2@49.125C soc0@49.937C gpu@50.625C tj@50.625C soc1@49.593C VDD_IN 4373mW/4287mW VDD_CPU_GPU_CV 1041mW/991mW VDD_SOC 1201mW/1166mW
09-03-2026 20:03:59 RAM 3900/7620MB (lfb 47x4MB) SWAP 608/3810MB (cached 0MB) CPU [18%@729,14%@729,17%@729,7%@729,18%@1190,75%@1190] GR3D_FREQ 0% cpu@50C soc2@49.125C soc0@50C gpu@50.25C tj@50.25C soc1@49.656C VDD_IN 4373mW/4289mW VDD_CPU_GPU_CV 1041mW/992mW VDD_SOC 1161mW/1166mW
09-03-2026 20:03:59 RAM 3900/7620MB (lfb 47x4MB) SWAP 608/3810MB (cached 0MB) CPU [23%@729,18%@729,17%@729,18%@729,22%@1267,73%@1267] GR3D_FREQ 0% cpu@49.968C soc2@49.187C soc0@49.968C gpu@50.343C tj@50.343C soc1@49.562C VDD_IN 4454mW/4292mW VDD_CPU_GPU_CV 1121mW/995mW VDD_SOC 1201mW/1167mW
09-03-2026 20:04:00 RAM 3900/7620MB (lfb 47x4MB) SWAP 608/3810MB (cached 0MB) CPU [18%@729,18%@729,4%@729,15%@729,16%@1113,75%@1113] GR3D_FREQ 15% cpu@50.187C soc2@49.187C soc0@50.093C gpu@50.218C tj@50.218C soc1@49.593C VDD_IN 4333mW/4293mW VDD_CPU_GPU_CV 1041mW/996mW VDD_SOC 1161mW/1166mW
09-03-2026 20:04:00 RAM 3900/7620MB (lfb 47x4MB) SWAP 608/3810MB (cached 0MB) CPU [28%@729,18%@729,11%@729,10%@729,23%@1113,76%@1113] GR3D_FREQ 0% cpu@50.281C soc2@49.062C soc0@50.093C gpu@50.25C tj@50.281C soc1@49.531C VDD_IN 4373mW/4295mW VDD_CPU_GPU_CV 1081mW/998mW VDD_SOC 1161mW/1166mW
09-03-2026 20:04:01 RAM 3900/7620MB (lfb 47x4MB) SWAP 608/3810MB (cached 0MB) CPU [21%@729,22%@729,9%@729,6%@729,21%@1113,75%@1113] GR3D_FREQ 0% cpu@50.25C soc2@49.125C soc0@50C gpu@50.187C tj@50.25C soc1@49.5C VDD_IN 4333mW/4296mW VDD_CPU_GPU_CV 1041mW/999mW VDD_SOC 1161mW/1166mW
09-03-2026 20:04:01 RAM 3900/7620MB (lfb 47x4MB) SWAP 608/3810MB (cached 0MB) CPU [22%@729,12%@729,16%@729,12%@729,21%@1190,74%@1190] GR3D_FREQ 15% cpu@50.187C soc2@49.156C soc0@50C gpu@50.25C tj@50.25C soc1@49.437C VDD_IN 4373mW/4297mW VDD_CPU_GPU_CV 1081mW/1000mW VDD_SOC 1161mW/1166mW
09-03-2026 20:04:02 RAM 3900/7620MB (lfb 47x4MB) SWAP 608/3810MB (cached 0MB) CPU [20%@729,25%@729,12%@729,12%@729,6%@1267,72%@1267] GR3D_FREQ 15% cpu@50.25C soc2@49.062C soc0@50C gpu@50.312C tj@50.312C soc1@49.718C VDD_IN 4373mW/4299mW VDD_CPU_GPU_CV 1041mW/1001mW VDD_SOC 1161mW/1166mW
09-03-2026 20:04:02 RAM 3900/7620MB (lfb 47x4MB) SWAP 608/3810MB (cached 0MB) CPU [26%@729,18%@729,21%@729,24%@729,4%@1036,70%@1036] GR3D_FREQ 12% cpu@50.125C soc2@49.062C soc0@49.968C gpu@50.312C tj@50.312C soc1@49.718C VDD_IN 4414mW/4301mW VDD_CPU_GPU_CV 1081mW/1003mW VDD_SOC 1201mW/1167mW
09-03-2026 20:04:03 RAM 3900/7620MB (lfb 47x4MB) SWAP 608/3810MB (cached 0MB) CPU [18%@729,8%@729,14%@729,34%@729,2%@1113,75%@1113] GR3D_FREQ 0% cpu@49.968C soc2@49.156C soc0@49.906C gpu@50.343C tj@50.343C soc1@49.687C VDD_IN 4373mW/4302mW VDD_CPU_GPU_CV 1041mW/1003mW VDD_SOC 1161mW/1167mW
09-03-2026 20:04:03 RAM 3900/7620MB (lfb 47x4MB) SWAP 608/3810MB (cached 0MB) CPU [24%@729,14%@729,24%@729,27%@729,6%@1113,72%@1113] GR3D_FREQ 0% cpu@50C soc2@49.031C soc0@49.875C gpu@50.5C tj@50.5C soc1@49.593C VDD_IN 4333mW/4303mW VDD_CPU_GPU_CV 1041mW/1004mW VDD_SOC 1161mW/1167mW
09-03-2026 20:04:04 RAM 3900/7620MB (lfb 47x4MB) SWAP 608/3810MB (cached 0MB) CPU [22%@729,35%@729,10%@729,12%@729,2%@1190,74%@1190] GR3D_FREQ 15% cpu@50.156C soc2@49.187C soc0@49.843C gpu@50.375C tj@50.656C soc1@49.562C VDD_IN 4414mW/4305mW VDD_CPU_GPU_CV 1081mW/1005mW VDD_SOC 1161mW/1166mW
09-03-2026 20:04:04 RAM 3900/7620MB (lfb 47x4MB) SWAP 608/3810MB (cached 0MB) CPU [19%@729,26%@729,22%@729,13%@729,4%@1113,71%@1113] GR3D_FREQ 15% cpu@50.25C soc2@49.187C soc0@50.125C gpu@50.531C tj@50.531C soc1@49.531C VDD_IN 4454mW/4307mW VDD_CPU_GPU_CV 1081mW/1007mW VDD_SOC 1201mW/1167mW
09-03-2026 20:04:05 RAM 3900/7620MB (lfb 47x4MB) SWAP 608/3810MB (cached 0MB) CPU [18%@729,16%@729,19%@729,22%@729,8%@960,73%@960] GR3D_FREQ 4% cpu@50.062C soc2@49.156C soc0@50.093C gpu@50.687C tj@50.687C soc1@49.593C VDD_IN 4373mW/4309mW VDD_CPU_GPU_CV 1081mW/1008mW VDD_SOC 1161mW/1167mW
09-03-2026 20:04:05 RAM 3900/7620MB (lfb 47x4MB) SWAP 608/3810MB (cached 0MB) CPU [26%@1344,14%@1344,34%@1344,20%@1344,6%@729,52%@729] GR3D_FREQ 0% cpu@50.468C soc2@49.156C soc0@50C gpu@50.468C tj@50.468C soc1@49.5C VDD_IN 4414mW/4310mW VDD_CPU_GPU_CV 1121mW/1010mW VDD_SOC 1161mW/1167mW
09-03-2026 20:04:06 RAM 3900/7620MB (lfb 47x4MB) SWAP 608/3810MB (cached 0MB) CPU [26%@729,34%@729,30%@729,15%@729,16%@1190,33%@1190] GR3D_FREQ 0% cpu@50.281C soc2@49.125C soc0@50C gpu@50.625C tj@50.625C soc1@49.406C VDD_IN 4454mW/4313mW VDD_CPU_GPU_CV 1121mW/1012mW VDD_SOC 1201mW/1167mW
